The ``Poisson`` Module
======================

Using the ``Poisson`` class
---------------------------

This text file tests different uses cases of the class ``Poisson``
First we import the module and numpy

>>> import numpy as np

>>> Poisson = __import__('poisson').Poisson

Init seed of random 
>>> np.random.seed(0)
>>> data = np.random.poisson(5,100).tolist()


I - SIMPLE USE CASES

1) Printing lambtha of a data set

>>> p1 = Poisson(data)

>>> print('Lambtha:', p1.lambtha) # doctest: +ELLIPSIS
Lambtha: 4.84


2) Printing lambtha with no data set parameters

>>> p2 = Poisson(lamdtha=5)
>>> print('Lambtha:', p2.lambtha) # doctest: +ELLIPSIS
Lambtha: 5.0

II - ERROR CASES

1) Negative lambda

>>> data = np.random.poisson(5,100).tolist()
>>> p3 = Poisson(data, lambtha=-1) # doctest: +ELLIPSIS
Traceback (most recent call last):
	  ...
ValueError: lambtha must be a positive


2) None data
>>> data = None
>>> p4 = Poisson(data, lambtha=5)
>>> print('Lambtha:', p4.lambtha) # doctest: +ELLIPSIS
Lambtha: 5.0

3) Not enough datas

>>> data = [1.0]
>>> p5 = Poisson(data) # doctest: +ELLIPSIS
Traceback (most recent call last):
	  ...
ValueError: data must contain multiple values


4) Data type error

>>> data = "toto"
>>> p6 = Poisson(data) # doctest: +ELLIPSIS
Traceback (most recent call last):
	  ...
TypeError: data must be a list
